2026-05-27 11:45:00.399 +03:00 [WRN] Entity 'Product' has a global query filter defined and is the required end of a relationship with the entity 'CartItem'. This may lead to unexpected results when the required entity is filtered out. Either configure the navigation as optional, or define matching query filters for both entities in the navigation. See https://go.microsoft.com/fwlink/?linkid=2131316 for more information.
2026-05-27 11:45:00.432 +03:00 [WRN] Entity 'Order' has a global query filter defined and is the required end of a relationship with the entity 'OrderItem'. This may lead to unexpected results when the required entity is filtered out. Either configure the navigation as optional, or define matching query filters for both entities in the navigation. See https://go.microsoft.com/fwlink/?linkid=2131316 for more information.
2026-05-27 11:45:00.436 +03:00 [WRN] Entity 'Order' has a global query filter defined and is the required end of a relationship with the entity 'Payment'. This may lead to unexpected results when the required entity is filtered out. Either configure the navigation as optional, or define matching query filters for both entities in the navigation. See https://go.microsoft.com/fwlink/?linkid=2131316 for more information.
2026-05-27 11:45:00.438 +03:00 [WRN] Entity 'Product' has a global query filter defined and is the required end of a relationship with the entity 'ProductImage'. This may lead to unexpected results when the required entity is filtered out. Either configure the navigation as optional, or define matching query filters for both entities in the navigation. See https://go.microsoft.com/fwlink/?linkid=2131316 for more information.
2026-05-27 11:45:15.343 +03:00 [ERR] An error occurred using the connection to database 'ShopNest' on server '127.0.0.1,1433'.
2026-05-27 11:45:15.357 +03:00 [ERR] An exception occurred while iterating over the results of a query for context type 'ShopNest.Infrastructure.Persistence.AppDbContext'.
Microsoft.Data.SqlClient.SqlException (0x80131904): A network-related or instance-specific error occurred while establishing a connection to SQL Server. The server was not found or was not accessible. Verify that the instance name is correct and that SQL Server is configured to allow remote connections. (provider: TCP Provider, error: 35 - An internal exception was caught)
 ---> System.Net.Sockets.SocketException (61): Connection refused
   at Microsoft.Data.SqlClient.ManagedSni.SniTcpHandle.Connect(String serverName, Int32 port, TimeoutTimer timeout, SqlConnectionIPAddressPreference ipPreference, String cachedFQDN, SQLDNSInfo& pendingDNSInfo)
   at Microsoft.Data.SqlClient.ManagedSni.SniTcpHandle..ctor(String serverName, Int32 port, TimeoutTimer timeout, Boolean parallel, SqlConnectionIPAddressPreference ipPreference, String cachedFQDN, SQLDNSInfo& pendingDNSInfo, Boolean tlsFirst, String hostNameInCertificate, String serverCertificateFilename)
   at Microsoft.Data.SqlClient.SqlInternalConnection.OnError(SqlException exception, Boolean breakConnection, Action`1 wrapCloseInAction)
   at Microsoft.Data.SqlClient.TdsParser.ThrowExceptionAndWarning(TdsParserStateObject stateObj, SqlCommand command, Boolean callerHasConnectionLock, Boolean asyncClose)
   at Microsoft.Data.SqlClient.TdsParser.Connect(ServerInfo serverInfo, SqlInternalConnectionTds connHandler, TimeoutTimer timeout, SqlConnectionString connectionOptions, Boolean withFailover)
   at Microsoft.Data.SqlClient.SqlInternalConnectionTds.AttemptOneLogin(ServerInfo serverInfo, String newPassword, SecureString newSecurePassword, TimeoutTimer timeout, Boolean withFailover)
   at Microsoft.Data.SqlClient.SqlInternalConnectionTds.LoginNoFailover(ServerInfo serverInfo, String newPassword, SecureString newSecurePassword, Boolean redirectedUserInstance, SqlConnectionString connectionOptions, SqlCredential credential, TimeoutTimer timeout)
   at Microsoft.Data.SqlClient.SqlInternalConnectionTds.OpenLoginEnlist(TimeoutTimer timeout, SqlConnectionString connectionOptions, SqlCredential credential, String newPassword, SecureString newSecurePassword, Boolean redirectedUserInstance)
   at Microsoft.Data.SqlClient.SqlInternalConnectionTds..ctor(DbConnectionPoolIdentity identity, SqlConnectionString connectionOptions, SqlCredential credential, Object providerInfo, String newPassword, SecureString newSecurePassword, Boolean redirectedUserInstance, SqlConnectionString userConnectionOptions, SessionData reconnectSessionData, Boolean applyTransientFaultHandling, String accessToken, IDbConnectionPool pool, Func`3 accessTokenCallback)
   at Microsoft.Data.SqlClient.SqlConnectionFactory.CreateConnection(DbConnectionOptions options, DbConnectionPoolKey poolKey, DbConnectionPoolGroupProviderInfo poolGroupProviderInfo, IDbConnectionPool pool, DbConnection owningConnection, DbConnectionOptions userOptions)
   at Microsoft.Data.ProviderBase.DbConnectionFactory.CreatePooledConnection(IDbConnectionPool pool, DbConnection owningObject, DbConnectionOptions options, DbConnectionPoolKey poolKey, DbConnectionOptions userOptions)
   at Microsoft.Data.SqlClient.ConnectionPool.WaitHandleDbConnectionPool.CreateObject(DbConnection owningObject, DbConnectionOptions userOptions, DbConnectionInternal oldConnection)
   at Microsoft.Data.SqlClient.ConnectionPool.WaitHandleDbConnectionPool.UserCreateRequest(DbConnection owningObject, DbConnectionOptions userOptions, DbConnectionInternal oldConnection)
   at Microsoft.Data.SqlClient.ConnectionPool.WaitHandleDbConnectionPool.TryGetConnection(DbConnection owningObject, UInt32 waitForMultipleObjectsTimeout, Boolean allowCreate, Boolean onlyOneCheckConnection, DbConnectionOptions userOptions, DbConnectionInternal& connection)
   at Microsoft.Data.SqlClient.ConnectionPool.WaitHandleDbConnectionPool.WaitForPendingOpen()
--- End of stack trace from previous location ---
   at Microsoft.EntityFrameworkCore.Storage.RelationalConnection.OpenInternalAsync(Boolean errorsExpected, CancellationToken cancellationToken)
   at Microsoft.EntityFrameworkCore.Storage.RelationalConnection.OpenInternalAsync(Boolean errorsExpected, CancellationToken cancellationToken)
   at Microsoft.EntityFrameworkCore.Storage.RelationalConnection.OpenAsync(CancellationToken cancellationToken, Boolean errorsExpected)
   at Microsoft.EntityFrameworkCore.Storage.RelationalCommand.ExecuteReaderAsync(RelationalCommandParameterObject parameterObject, CancellationToken cancellationToken)
   at Microsoft.EntityFrameworkCore.Query.Internal.SingleQueryingEnumerable`1.AsyncEnumerator.InitializeReaderAsync(AsyncEnumerator enumerator, CancellationToken cancellationToken)
   at Microsoft.EntityFrameworkCore.Storage.ExecutionStrategy.<>c__DisplayClass30_0`2.<<ExecuteAsync>b__0>d.MoveNext()
--- End of stack trace from previous location ---
   at Microsoft.EntityFrameworkCore.Storage.ExecutionStrategy.ExecuteImplementationAsync[TState,TResult](Func`4 operation, Func`4 verifySucceeded, TState state, CancellationToken cancellationToken)
   at Microsoft.EntityFrameworkCore.Storage.ExecutionStrategy.ExecuteImplementationAsync[TState,TResult](Func`4 operation, Func`4 verifySucceeded, TState state, CancellationToken cancellationToken)
   at Microsoft.EntityFrameworkCore.Storage.ExecutionStrategy.ExecuteAsync[TState,TResult](TState state, Func`4 operation, Func`4 verifySucceeded, CancellationToken cancellationToken)
   at Microsoft.EntityFrameworkCore.Query.Internal.SingleQueryingEnumerable`1.AsyncEnumerator.MoveNextAsync()
ClientConnectionId:00000000-0000-0000-0000-000000000000
Error Number:10061,State:0,Class:20
Microsoft.Data.SqlClient.SqlException (0x80131904): A network-related or instance-specific error occurred while establishing a connection to SQL Server. The server was not found or was not accessible. Verify that the instance name is correct and that SQL Server is configured to allow remote connections. (provider: TCP Provider, error: 35 - An internal exception was caught)
 ---> System.Net.Sockets.SocketException (61): Connection refused
   at Microsoft.Data.SqlClient.ManagedSni.SniTcpHandle.Connect(String serverName, Int32 port, TimeoutTimer timeout, SqlConnectionIPAddressPreference ipPreference, String cachedFQDN, SQLDNSInfo& pendingDNSInfo)
   at Microsoft.Data.SqlClient.ManagedSni.SniTcpHandle..ctor(String serverName, Int32 port, TimeoutTimer timeout, Boolean parallel, SqlConnectionIPAddressPreference ipPreference, String cachedFQDN, SQLDNSInfo& pendingDNSInfo, Boolean tlsFirst, String hostNameInCertificate, String serverCertificateFilename)
   at Microsoft.Data.SqlClient.SqlInternalConnection.OnError(SqlException exception, Boolean breakConnection, Action`1 wrapCloseInAction)
   at Microsoft.Data.SqlClient.TdsParser.ThrowExceptionAndWarning(TdsParserStateObject stateObj, SqlCommand command, Boolean callerHasConnectionLock, Boolean asyncClose)
   at Microsoft.Data.SqlClient.TdsParser.Connect(ServerInfo serverInfo, SqlInternalConnectionTds connHandler, TimeoutTimer timeout, SqlConnectionString connectionOptions, Boolean withFailover)
   at Microsoft.Data.SqlClient.SqlInternalConnectionTds.AttemptOneLogin(ServerInfo serverInfo, String newPassword, SecureString newSecurePassword, TimeoutTimer timeout, Boolean withFailover)
   at Microsoft.Data.SqlClient.SqlInternalConnectionTds.LoginNoFailover(ServerInfo serverInfo, String newPassword, SecureString newSecurePassword, Boolean redirectedUserInstance, SqlConnectionString connectionOptions, SqlCredential credential, TimeoutTimer timeout)
   at Microsoft.Data.SqlClient.SqlInternalConnectionTds.OpenLoginEnlist(TimeoutTimer timeout, SqlConnectionString connectionOptions, SqlCredential credential, String newPassword, SecureString newSecurePassword, Boolean redirectedUserInstance)
   at Microsoft.Data.SqlClient.SqlInternalConnectionTds..ctor(DbConnectionPoolIdentity identity, SqlConnectionString connectionOptions, SqlCredential credential, Object providerInfo, String newPassword, SecureString newSecurePassword, Boolean redirectedUserInstance, SqlConnectionString userConnectionOptions, SessionData reconnectSessionData, Boolean applyTransientFaultHandling, String accessToken, IDbConnectionPool pool, Func`3 accessTokenCallback)
   at Microsoft.Data.SqlClient.SqlConnectionFactory.CreateConnection(DbConnectionOptions options, DbConnectionPoolKey poolKey, DbConnectionPoolGroupProviderInfo poolGroupProviderInfo, IDbConnectionPool pool, DbConnection owningConnection, DbConnectionOptions userOptions)
   at Microsoft.Data.ProviderBase.DbConnectionFactory.CreatePooledConnection(IDbConnectionPool pool, DbConnection owningObject, DbConnectionOptions options, DbConnectionPoolKey poolKey, DbConnectionOptions userOptions)
   at Microsoft.Data.SqlClient.ConnectionPool.WaitHandleDbConnectionPool.CreateObject(DbConnection owningObject, DbConnectionOptions userOptions, DbConnectionInternal oldConnection)
   at Microsoft.Data.SqlClient.ConnectionPool.WaitHandleDbConnectionPool.UserCreateRequest(DbConnection owningObject, DbConnectionOptions userOptions, DbConnectionInternal oldConnection)
   at Microsoft.Data.SqlClient.ConnectionPool.WaitHandleDbConnectionPool.TryGetConnection(DbConnection owningObject, UInt32 waitForMultipleObjectsTimeout, Boolean allowCreate, Boolean onlyOneCheckConnection, DbConnectionOptions userOptions, DbConnectionInternal& connection)
   at Microsoft.Data.SqlClient.ConnectionPool.WaitHandleDbConnectionPool.WaitForPendingOpen()
--- End of stack trace from previous location ---
   at Microsoft.EntityFrameworkCore.Storage.RelationalConnection.OpenInternalAsync(Boolean errorsExpected, CancellationToken cancellationToken)
   at Microsoft.EntityFrameworkCore.Storage.RelationalConnection.OpenInternalAsync(Boolean errorsExpected, CancellationToken cancellationToken)
   at Microsoft.EntityFrameworkCore.Storage.RelationalConnection.OpenAsync(CancellationToken cancellationToken, Boolean errorsExpected)
   at Microsoft.EntityFrameworkCore.Storage.RelationalCommand.ExecuteReaderAsync(RelationalCommandParameterObject parameterObject, CancellationToken cancellationToken)
   at Microsoft.EntityFrameworkCore.Query.Internal.SingleQueryingEnumerable`1.AsyncEnumerator.InitializeReaderAsync(AsyncEnumerator enumerator, CancellationToken cancellationToken)
   at Microsoft.EntityFrameworkCore.Storage.ExecutionStrategy.<>c__DisplayClass30_0`2.<<ExecuteAsync>b__0>d.MoveNext()
--- End of stack trace from previous location ---
   at Microsoft.EntityFrameworkCore.Storage.ExecutionStrategy.ExecuteImplementationAsync[TState,TResult](Func`4 operation, Func`4 verifySucceeded, TState state, CancellationToken cancellationToken)
   at Microsoft.EntityFrameworkCore.Storage.ExecutionStrategy.ExecuteImplementationAsync[TState,TResult](Func`4 operation, Func`4 verifySucceeded, TState state, CancellationToken cancellationToken)
   at Microsoft.EntityFrameworkCore.Storage.ExecutionStrategy.ExecuteAsync[TState,TResult](TState state, Func`4 operation, Func`4 verifySucceeded, CancellationToken cancellationToken)
   at Microsoft.EntityFrameworkCore.Query.Internal.SingleQueryingEnumerable`1.AsyncEnumerator.MoveNextAsync()
ClientConnectionId:00000000-0000-0000-0000-000000000000
Error Number:10061,State:0,Class:20
2026-05-27 11:45:41.057 +03:00 [WRN] Entity 'Product' has a global query filter defined and is the required end of a relationship with the entity 'CartItem'. This may lead to unexpected results when the required entity is filtered out. Either configure the navigation as optional, or define matching query filters for both entities in the navigation. See https://go.microsoft.com/fwlink/?linkid=2131316 for more information.
2026-05-27 11:45:41.090 +03:00 [WRN] Entity 'Order' has a global query filter defined and is the required end of a relationship with the entity 'OrderItem'. This may lead to unexpected results when the required entity is filtered out. Either configure the navigation as optional, or define matching query filters for both entities in the navigation. See https://go.microsoft.com/fwlink/?linkid=2131316 for more information.
2026-05-27 11:45:41.090 +03:00 [WRN] Entity 'Order' has a global query filter defined and is the required end of a relationship with the entity 'Payment'. This may lead to unexpected results when the required entity is filtered out. Either configure the navigation as optional, or define matching query filters for both entities in the navigation. See https://go.microsoft.com/fwlink/?linkid=2131316 for more information.
2026-05-27 11:45:41.090 +03:00 [WRN] Entity 'Product' has a global query filter defined and is the required end of a relationship with the entity 'ProductImage'. This may lead to unexpected results when the required entity is filtered out. Either configure the navigation as optional, or define matching query filters for both entities in the navigation. See https://go.microsoft.com/fwlink/?linkid=2131316 for more information.
2026-05-27 11:45:41.605 +03:00 [INF] Executed DbCommand (80ms) [Parameters=[@normalizedName='?' (Size = 256)], CommandType='"Text"', CommandTimeout='30']
SELECT TOP(1) [r].[Id], [r].[ConcurrencyStamp], [r].[Name], [r].[NormalizedName]
FROM [Roles] AS [r]
WHERE [r].[NormalizedName] = @normalizedName
2026-05-27 11:45:41.674 +03:00 [INF] Executed DbCommand (4ms) [Parameters=[@normalizedName='?' (Size = 256)], CommandType='"Text"', CommandTimeout='30']
SELECT TOP(1) [r].[Id], [r].[ConcurrencyStamp], [r].[Name], [r].[NormalizedName]
FROM [Roles] AS [r]
WHERE [r].[NormalizedName] = @normalizedName
2026-05-27 11:45:41.676 +03:00 [INF] Executed DbCommand (1ms) [Parameters=[@normalizedName='?' (Size = 256)], CommandType='"Text"', CommandTimeout='30']
SELECT TOP(1) [r].[Id], [r].[ConcurrencyStamp], [r].[Name], [r].[NormalizedName]
FROM [Roles] AS [r]
WHERE [r].[NormalizedName] = @normalizedName
2026-05-27 11:45:41.677 +03:00 [INF] Executed DbCommand (1ms) [Parameters=[@normalizedName='?' (Size = 256)], CommandType='"Text"', CommandTimeout='30']
SELECT TOP(1) [r].[Id], [r].[ConcurrencyStamp], [r].[Name], [r].[NormalizedName]
FROM [Roles] AS [r]
WHERE [r].[NormalizedName] = @normalizedName
2026-05-27 11:45:41.729 +03:00 [INF] User profile is available. Using '/Users/ositrade/.aspnet/DataProtection-Keys' as key repository; keys will not be encrypted at rest.
2026-05-27 11:45:41.770 +03:00 [WRN] The WebRootPath was not found: /Users/ositrade/Desktop/E-Commerce Projects/ShopNest/src/ShopNest.API/wwwroot. Static files may be unavailable.
2026-05-27 11:45:41.946 +03:00 [INF] Now listening on: https://localhost:7240
2026-05-27 11:45:41.946 +03:00 [INF] Now listening on: http://localhost:5149
2026-05-27 11:45:41.948 +03:00 [INF] Application started. Press Ctrl+C to shut down.
2026-05-27 11:45:41.948 +03:00 [INF] Hosting environment: Development
2026-05-27 11:45:41.948 +03:00 [INF] Content root path: /Users/ositrade/Desktop/E-Commerce Projects/ShopNest/src/ShopNest.API
2026-05-27 11:45:42.293 +03:00 [INF] Request starting HTTP/2 GET https://localhost:7240/scalar/v1 - null null
2026-05-27 11:45:42.332 +03:00 [INF] Executing endpoint 'HTTP: GET /scalar/{documentName?}'
2026-05-27 11:45:42.432 +03:00 [INF] Write content with HTTP Response ContentType of text/html
2026-05-27 11:45:42.433 +03:00 [INF] Executed endpoint 'HTTP: GET /scalar/{documentName?}'
2026-05-27 11:45:42.434 +03:00 [INF] HTTP GET /scalar/v1 responded 200 in 124.4603 ms
2026-05-27 11:45:42.435 +03:00 [INF] Request finished HTTP/2 GET https://localhost:7240/scalar/v1 - 200 624 text/html 142.9153ms
2026-05-27 11:45:42.463 +03:00 [INF] Request starting HTTP/2 GET https://localhost:7240/scalar/scalar.aspnetcore.js - null null
2026-05-27 11:45:42.463 +03:00 [INF] Request starting HTTP/2 GET https://localhost:7240/scalar/scalar.js - null null
2026-05-27 11:45:42.465 +03:00 [INF] Executing endpoint 'HTTP: GET /scalar/scalar.js'
2026-05-27 11:45:42.466 +03:00 [INF] CORS policy execution failed.
2026-05-27 11:45:42.466 +03:00 [INF] Request origin https://localhost:7240 does not have permission to access the resource.
2026-05-27 11:45:42.468 +03:00 [INF] Executing endpoint 'HTTP: GET /scalar/scalar.aspnetcore.js'
2026-05-27 11:45:42.472 +03:00 [INF] Sending file with download name ''.
2026-05-27 11:45:42.472 +03:00 [INF] Sending file with download name ''.
2026-05-27 11:45:42.474 +03:00 [INF] Executed endpoint 'HTTP: GET /scalar/scalar.aspnetcore.js'
2026-05-27 11:45:42.475 +03:00 [INF] HTTP GET /scalar/scalar.aspnetcore.js responded 200 in 10.4290 ms
2026-05-27 11:45:42.475 +03:00 [INF] Request finished HTTP/2 GET https://localhost:7240/scalar/scalar.aspnetcore.js - 200 1111 text/javascript 12.2414ms
2026-05-27 11:45:42.493 +03:00 [INF] Executed endpoint 'HTTP: GET /scalar/scalar.js'
2026-05-27 11:45:42.496 +03:00 [INF] HTTP GET /scalar/scalar.js responded 200 in 31.5613 ms
2026-05-27 11:45:42.497 +03:00 [INF] Request finished HTTP/2 GET https://localhost:7240/scalar/scalar.js - 200 1012335 text/javascript 33.7999ms
2026-05-27 11:45:42.694 +03:00 [INF] Request starting HTTP/2 GET https://localhost:7240/openapi/v1.json - null null
2026-05-27 11:45:42.695 +03:00 [INF] Executing endpoint 'HTTP: GET /openapi/{documentName}.json'
2026-05-27 11:45:42.842 +03:00 [INF] Executed endpoint 'HTTP: GET /openapi/{documentName}.json'
2026-05-27 11:45:42.842 +03:00 [INF] HTTP GET /openapi/v1.json responded 200 in 147.3153 ms
2026-05-27 11:45:42.842 +03:00 [INF] Request finished HTTP/2 GET https://localhost:7240/openapi/v1.json - 200 null application/json;charset=utf-8 147.9415ms
2026-05-27 11:45:43.197 +03:00 [INF] Request starting HTTP/2 GET https://localhost:7240/scalar/favicon.svg - null null
2026-05-27 11:45:43.198 +03:00 [INF] Executing endpoint 'HTTP: GET /scalar/favicon.svg'
2026-05-27 11:45:43.198 +03:00 [INF] Sending file with download name ''.
2026-05-27 11:45:43.198 +03:00 [INF] Executed endpoint 'HTTP: GET /scalar/favicon.svg'
2026-05-27 11:45:43.198 +03:00 [INF] HTTP GET /scalar/favicon.svg responded 200 in 0.8398 ms
2026-05-27 11:45:43.201 +03:00 [INF] Request finished HTTP/2 GET https://localhost:7240/scalar/favicon.svg - 200 533 image/svg+xml 3.781ms
2026-05-27 11:46:26.756 +03:00 [INF] Request starting HTTP/2 GET https://localhost:7240/api/v1/categories - null null
2026-05-27 11:46:26.760 +03:00 [INF] Executing endpoint 'ShopNest.API.Controllers.CategoriesController.GetAll (ShopNest.API)'
2026-05-27 11:46:26.787 +03:00 [INF] Route matched with {action = "GetAll", controller = "Categories"}. Executing controller action with signature System.Threading.Tasks.Task`1[Microsoft.AspNetCore.Mvc.IActionResult] GetAll(System.Threading.CancellationToken) on controller ShopNest.API.Controllers.CategoriesController (ShopNest.API).
2026-05-27 11:46:26.797 +03:00 [INF] Executing action method ShopNest.API.Controllers.CategoriesController.GetAll (ShopNest.API) - Validation state: "Valid"
2026-05-27 11:46:26.805 +03:00 [WRN] You do not have a valid license key for the Lucky Penny software MediatR. This is allowed for development and testing scenarios. If you are running in production you are required to have a licensed version. Please visit https://luckypennysoftware.com to obtain a valid license.
2026-05-27 11:46:26.894 +03:00 [INF] Executed DbCommand (21ms) [Parameters=[], CommandType='"Text"', CommandTimeout='30']
SELECT [c].[Id], [c].[CreatedAt], [c].[CreatedBy], [c].[DeletedAt], [c].[DeletedBy], [c].[Description], [c].[DisplayOrder], [c].[ImageUrl], [c].[IsActive], [c].[IsDeleted], [c].[Name], [c].[ParentCategoryId], [c].[Slug], [c].[UpdatedAt], [c].[UpdatedBy]
FROM [Categories] AS [c]
WHERE [c].[IsDeleted] = CAST(0 AS bit)
ORDER BY [c].[DisplayOrder], [c].[Name]
2026-05-27 11:46:26.967 +03:00 [INF] Executed DbCommand (24ms) [Parameters=[], CommandType='"Text"', CommandTimeout='30']
SELECT [p].[CategoryId], COUNT(*) AS [Count]
FROM [Products] AS [p]
WHERE [p].[IsDeleted] = CAST(0 AS bit) AND [p].[IsActive] = CAST(1 AS bit)
GROUP BY [p].[CategoryId]
2026-05-27 11:46:26.972 +03:00 [INF] Executed action method ShopNest.API.Controllers.CategoriesController.GetAll (ShopNest.API), returned result Microsoft.AspNetCore.Mvc.OkObjectResult in 171.7514ms.
2026-05-27 11:46:26.976 +03:00 [INF] Executing OkObjectResult, writing value of type 'System.Collections.Generic.List`1[[ShopNest.Application.Features.Products.DTOs.CategoryDto, ShopNest.Application, Version=1.0.0.0, Culture=neutral, PublicKeyToken=null]]'.
2026-05-27 11:46:26.981 +03:00 [INF] Executed action ShopNest.API.Controllers.CategoriesController.GetAll (ShopNest.API) in 191.8836ms
2026-05-27 11:46:26.982 +03:00 [INF] Executed endpoint 'ShopNest.API.Controllers.CategoriesController.GetAll (ShopNest.API)'
2026-05-27 11:46:26.982 +03:00 [INF] HTTP GET /api/v1/categories responded 200 in 223.1432 ms
2026-05-27 11:46:26.984 +03:00 [INF] Request finished HTTP/2 GET https://localhost:7240/api/v1/categories - 200 null application/json; charset=utf-8 228.8594ms
2026-05-27 11:46:47.199 +03:00 [INF] Request starting HTTP/2 POST https://localhost:7240/api/v1/categories - application/json 111
2026-05-27 11:46:47.203 +03:00 [INF] CORS policy execution failed.
2026-05-27 11:46:47.204 +03:00 [INF] Request origin https://localhost:7240 does not have permission to access the resource.
2026-05-27 11:46:47.218 +03:00 [INF] Authorization failed. These requirements were not met:
RolesAuthorizationRequirement:User.IsInRole must be true for one of the following roles: (Admin)
2026-05-27 11:46:47.223 +03:00 [INF] AuthenticationScheme: Bearer was challenged.
2026-05-27 11:46:47.223 +03:00 [INF] HTTP POST /api/v1/categories responded 401 in 20.1416 ms
2026-05-27 11:46:47.223 +03:00 [INF] Request finished HTTP/2 POST https://localhost:7240/api/v1/categories - 401 null application/json 24.3452ms
